// Jest Snapshot v1, https://goo.gl/fbAQLP

exports[`no-fs - invalid twbs buttons and their config 1`] = `
Object {
  "cwd": "",
  "errored": true,
  "output": Array [
    Object {
      "deprecations": Array [],
      "errored": true,
      "invalidOptionWarnings": Array [],
      "parseErrors": Array [],
      "warnings": Array [
        Object {
          "column": 10,
          "endColumn": 15,
          "endLine": 79,
          "line": 79,
          "rule": "color-named",
          "severity": "error",
          "text": "Unexpected named color \\"white\\" (color-named)",
        },
        Object {
          "column": 1,
          "endColumn": 2,
          "endLine": 126,
          "line": 118,
          "rule": "selector-no-qualifying-type",
          "severity": "error",
          "text": "Unexpected qualifying type selector (selector-no-qualifying-type)",
        },
        Object {
          "column": 3,
          "endColumn": 4,
          "endLine": 125,
          "line": 123,
          "rule": "selector-no-qualifying-type",
          "severity": "error",
          "text": "Unexpected qualifying type selector (selector-no-qualifying-type)",
        },
      ],
    },
  ],
  "reportedDisables": Array [],
  "results": Array [
    Object {
      "deprecations": Array [],
      "errored": true,
      "ignored": undefined,
      "invalidOptionWarnings": Array [],
      "parseErrors": Array [],
      "warnings": Array [
        Object {
          "column": 10,
          "endColumn": 15,
          "endLine": 79,
          "line": 79,
          "rule": "color-named",
          "severity": "error",
          "text": "Unexpected named color \\"white\\" (color-named)",
        },
        Object {
          "column": 1,
          "endColumn": 2,
          "endLine": 126,
          "line": 118,
          "rule": "selector-no-qualifying-type",
          "severity": "error",
          "text": "Unexpected qualifying type selector (selector-no-qualifying-type)",
        },
        Object {
          "column": 3,
          "endColumn": 4,
          "endLine": 125,
          "line": 123,
          "rule": "selector-no-qualifying-type",
          "severity": "error",
          "text": "Unexpected qualifying type selector (selector-no-qualifying-type)",
        },
      ],
    },
  ],
  "ruleMetadata": Object {
    "at-rule-name-space-after": Object {
      "fixable": true,
      "url": "https://stylelint.io/user-guide/rules/list/at-rule-name-space-after",
    },
    "at-rule-no-vendor-prefix": Object {
      "fixable": true,
      "url": "https://stylelint.io/user-guide/rules/list/at-rule-no-vendor-prefix",
    },
    "at-rule-semicolon-space-before": Object {
      "url": "https://stylelint.io/user-guide/rules/list/at-rule-semicolon-space-before",
    },
    "color-named": Object {
      "url": "https://stylelint.io/user-guide/rules/list/color-named",
    },
    "declaration-block-semicolon-newline-before": Object {
      "url": "https://stylelint.io/user-guide/rules/list/declaration-block-semicolon-newline-before",
    },
    "declaration-no-important": Object {
      "url": "https://stylelint.io/user-guide/rules/list/declaration-no-important",
    },
    "font-family-name-quotes": Object {
      "fixable": true,
      "url": "https://stylelint.io/user-guide/rules/list/font-family-name-quotes",
    },
    "font-weight-notation": Object {
      "url": "https://stylelint.io/user-guide/rules/list/font-weight-notation",
    },
    "function-url-no-scheme-relative": Object {
      "url": "https://stylelint.io/user-guide/rules/list/function-url-no-scheme-relative",
    },
    "function-url-quotes": Object {
      "url": "https://stylelint.io/user-guide/rules/list/function-url-quotes",
    },
    "max-empty-lines": Object {
      "fixable": true,
      "url": "https://stylelint.io/user-guide/rules/list/max-empty-lines",
    },
    "media-feature-name-no-vendor-prefix": Object {
      "fixable": true,
      "url": "https://stylelint.io/user-guide/rules/list/media-feature-name-no-vendor-prefix",
    },
    "number-leading-zero": Object {
      "fixable": true,
      "url": "https://stylelint.io/user-guide/rules/list/number-leading-zero",
    },
    "property-no-vendor-prefix": Object {
      "fixable": true,
      "url": "https://stylelint.io/user-guide/rules/list/property-no-vendor-prefix",
    },
    "selector-attribute-quotes": Object {
      "fixable": true,
      "url": "https://stylelint.io/user-guide/rules/list/selector-attribute-quotes",
    },
    "selector-class-pattern": Object {
      "url": "https://stylelint.io/user-guide/rules/list/selector-class-pattern",
    },
    "selector-list-comma-newline-before": Object {
      "fixable": true,
      "url": "https://stylelint.io/user-guide/rules/list/selector-list-comma-newline-before",
    },
    "selector-list-comma-space-after": Object {
      "fixable": true,
      "url": "https://stylelint.io/user-guide/rules/list/selector-list-comma-space-after",
    },
    "selector-list-comma-space-before": Object {
      "fixable": true,
      "url": "https://stylelint.io/user-guide/rules/list/selector-list-comma-space-before",
    },
    "selector-max-attribute": Object {
      "url": "https://stylelint.io/user-guide/rules/list/selector-max-attribute",
    },
    "selector-max-class": Object {
      "url": "https://stylelint.io/user-guide/rules/list/selector-max-class",
    },
    "selector-max-combinators": Object {
      "url": "https://stylelint.io/user-guide/rules/list/selector-max-combinators",
    },
    "selector-max-compound-selectors": Object {
      "url": "https://stylelint.io/user-guide/rules/list/selector-max-compound-selectors",
    },
    "selector-max-id": Object {
      "url": "https://stylelint.io/user-guide/rules/list/selector-max-id",
    },
    "selector-max-type": Object {
      "url": "https://stylelint.io/user-guide/rules/list/selector-max-type",
    },
    "selector-max-universal": Object {
      "url": "https://stylelint.io/user-guide/rules/list/selector-max-universal",
    },
    "selector-no-qualifying-type": Object {
      "url": "https://stylelint.io/user-guide/rules/list/selector-no-qualifying-type",
    },
    "selector-no-vendor-prefix": Object {
      "fixable": true,
      "url": "https://stylelint.io/user-guide/rules/list/selector-no-vendor-prefix",
    },
    "shorthand-property-no-redundant-values": Object {
      "fixable": true,
      "url": "https://stylelint.io/user-guide/rules/list/shorthand-property-no-redundant-values",
    },
    "string-quotes": Object {
      "fixable": true,
      "url": "https://stylelint.io/user-guide/rules/list/string-quotes",
    },
    "unicode-bom": Object {
      "url": "https://stylelint.io/user-guide/rules/list/unicode-bom",
    },
    "value-list-comma-newline-after": Object {
      "fixable": true,
      "url": "https://stylelint.io/user-guide/rules/list/value-list-comma-newline-after",
    },
    "value-list-comma-newline-before": Object {
      "url": "https://stylelint.io/user-guide/rules/list/value-list-comma-newline-before",
    },
    "value-list-comma-space-after": Object {
      "fixable": true,
      "url": "https://stylelint.io/user-guide/rules/list/value-list-comma-space-after",
    },
    "value-no-vendor-prefix": Object {
      "fixable": true,
      "url": "https://stylelint.io/user-guide/rules/list/value-no-vendor-prefix",
    },
  },
}
`;
