// Jest Snapshot v1, https://goo.gl/fbAQLP

exports[`003 1`] = `
Array [
  Object {
    "deprecations": Array [
      Object {
        "reference": "https://stylelint.io/user-guide/rules/selector-no-id/",
        "text": "'selector-no-id' has been deprecated and in 8.0 will be removed. Instead use 'selector-max-id' with '0' as its primary option.",
      },
    ],
    "errored": undefined,
    "ignored": undefined,
    "invalidOptionWarnings": Array [],
    "source": "003/stylesheet.css",
    "warnings": Array [],
  },
]
`;
