// Jest Snapshot v1, https://goo.gl/fbAQLP

exports[`003 1`] = `
Array [
  Object {
    "deprecations": Array [
      Object {
        "reference": "https://stylelint.io/user-guide/rules/declaration-block-properties-order/",
        "text": "'declaration-block-properties-order'has been deprecated and in 8.0 will be removed. Instead use the community 'stylelint-order' plugin pack.",
      },
      Object {
        "reference": "https://stylelint.io/user-guide/rules/rule-nested-empty-line-before/",
        "text": "'rule-nested-empty-line-before' has been deprecated and in 8.0 will be removed. Instead use 'rule-empty-line-before'.",
      },
      Object {
        "reference": "https://stylelint.io/user-guide/rules/rule-non-nested-empty-line-before/",
        "text": "'rule-non-nested-empty-line-before' has been deprecated and in 8.0 will be removed. Instead use 'rule-empty-line-before'.",
      },
    ],
    "errored": undefined,
    "ignored": undefined,
    "invalidOptionWarnings": Array [],
    "source": "003/stylesheet.css",
    "warnings": Array [],
  },
]
`;
