// Jest Snapshot v1, https://goo.gl/fbAQLP

exports[`fs - zen garden CSS with standard config 1`] = `
Object {
  "cwd": "",
  "errored": true,
  "output": Array [
    Object {
      "deprecations": Array [],
      "errored": true,
      "invalidOptionWarnings": Array [],
      "parseErrors": Array [],
      "warnings": Array [
        Object {
          "column": 25,
          "endColumn": 32,
          "endLine": 102,
          "line": 102,
          "rule": "font-family-no-missing-generic-family-keyword",
          "severity": "error",
          "text": "Unexpected missing generic font family (font-family-no-missing-generic-family-keyword)",
        },
      ],
    },
  ],
  "reportedDisables": Array [],
  "results": Array [
    Object {
      "deprecations": Array [],
      "errored": true,
      "ignored": undefined,
      "invalidOptionWarnings": Array [],
      "parseErrors": Array [],
      "warnings": Array [
        Object {
          "column": 25,
          "endColumn": 32,
          "endLine": 102,
          "line": 102,
          "rule": "font-family-no-missing-generic-family-keyword",
          "severity": "error",
          "text": "Unexpected missing generic font family (font-family-no-missing-generic-family-keyword)",
        },
      ],
    },
  ],
  "ruleMetadata": Object {
    "at-rule-empty-line-before": Object {
      "url": "https://stylelint.io/user-guide/rules/list/at-rule-empty-line-before",
    },
    "at-rule-name-case": Object {
      "url": "https://stylelint.io/user-guide/rules/list/at-rule-name-case",
    },
    "at-rule-name-space-after": Object {
      "url": "https://stylelint.io/user-guide/rules/list/at-rule-name-space-after",
    },
    "at-rule-no-unknown": Object {
      "url": "https://stylelint.io/user-guide/rules/list/at-rule-no-unknown",
    },
    "at-rule-semicolon-newline-after": Object {
      "url": "https://stylelint.io/user-guide/rules/list/at-rule-semicolon-newline-after",
    },
    "block-closing-brace-empty-line-before": Object {
      "url": "https://stylelint.io/user-guide/rules/list/block-closing-brace-empty-line-before",
    },
    "block-closing-brace-newline-after": Object {
      "url": "https://stylelint.io/user-guide/rules/list/block-closing-brace-newline-after",
    },
    "block-closing-brace-newline-before": Object {
      "url": "https://stylelint.io/user-guide/rules/list/block-closing-brace-newline-before",
    },
    "block-closing-brace-space-before": Object {
      "url": "https://stylelint.io/user-guide/rules/list/block-closing-brace-space-before",
    },
    "block-no-empty": Object {
      "url": "https://stylelint.io/user-guide/rules/list/block-no-empty",
    },
    "block-opening-brace-newline-after": Object {
      "url": "https://stylelint.io/user-guide/rules/list/block-opening-brace-newline-after",
    },
    "block-opening-brace-space-after": Object {
      "url": "https://stylelint.io/user-guide/rules/list/block-opening-brace-space-after",
    },
    "block-opening-brace-space-before": Object {
      "url": "https://stylelint.io/user-guide/rules/list/block-opening-brace-space-before",
    },
    "color-hex-case": Object {
      "url": "https://stylelint.io/user-guide/rules/list/color-hex-case",
    },
    "color-hex-length": Object {
      "url": "https://stylelint.io/user-guide/rules/list/color-hex-length",
    },
    "color-no-invalid-hex": Object {
      "url": "https://stylelint.io/user-guide/rules/list/color-no-invalid-hex",
    },
    "comment-empty-line-before": Object {
      "url": "https://stylelint.io/user-guide/rules/list/comment-empty-line-before",
    },
    "comment-no-empty": Object {
      "url": "https://stylelint.io/user-guide/rules/list/comment-no-empty",
    },
    "comment-whitespace-inside": Object {
      "url": "https://stylelint.io/user-guide/rules/list/comment-whitespace-inside",
    },
    "custom-property-empty-line-before": Object {
      "url": "https://stylelint.io/user-guide/rules/list/custom-property-empty-line-before",
    },
    "declaration-bang-space-after": Object {
      "url": "https://stylelint.io/user-guide/rules/list/declaration-bang-space-after",
    },
    "declaration-bang-space-before": Object {
      "url": "https://stylelint.io/user-guide/rules/list/declaration-bang-space-before",
    },
    "declaration-block-no-duplicate-properties": Object {
      "url": "https://stylelint.io/user-guide/rules/list/declaration-block-no-duplicate-properties",
    },
    "declaration-block-no-shorthand-property-overrides": Object {
      "url": "https://stylelint.io/user-guide/rules/list/declaration-block-no-shorthand-property-overrides",
    },
    "declaration-block-semicolon-newline-after": Object {
      "url": "https://stylelint.io/user-guide/rules/list/declaration-block-semicolon-newline-after",
    },
    "declaration-block-semicolon-space-after": Object {
      "url": "https://stylelint.io/user-guide/rules/list/declaration-block-semicolon-space-after",
    },
    "declaration-block-semicolon-space-before": Object {
      "url": "https://stylelint.io/user-guide/rules/list/declaration-block-semicolon-space-before",
    },
    "declaration-block-single-line-max-declarations": Object {
      "url": "https://stylelint.io/user-guide/rules/list/declaration-block-single-line-max-declarations",
    },
    "declaration-block-trailing-semicolon": Object {
      "url": "https://stylelint.io/user-guide/rules/list/declaration-block-trailing-semicolon",
    },
    "declaration-colon-newline-after": Object {
      "url": "https://stylelint.io/user-guide/rules/list/declaration-colon-newline-after",
    },
    "declaration-colon-space-after": Object {
      "url": "https://stylelint.io/user-guide/rules/list/declaration-colon-space-after",
    },
    "declaration-colon-space-before": Object {
      "url": "https://stylelint.io/user-guide/rules/list/declaration-colon-space-before",
    },
    "declaration-empty-line-before": Object {
      "url": "https://stylelint.io/user-guide/rules/list/declaration-empty-line-before",
    },
    "font-family-no-duplicate-names": Object {
      "url": "https://stylelint.io/user-guide/rules/list/font-family-no-duplicate-names",
    },
    "font-family-no-missing-generic-family-keyword": Object {
      "url": "https://stylelint.io/user-guide/rules/list/font-family-no-missing-generic-family-keyword",
    },
    "function-calc-no-unspaced-operator": Object {
      "url": "https://stylelint.io/user-guide/rules/list/function-calc-no-unspaced-operator",
    },
    "function-comma-newline-after": Object {
      "url": "https://stylelint.io/user-guide/rules/list/function-comma-newline-after",
    },
    "function-comma-space-after": Object {
      "url": "https://stylelint.io/user-guide/rules/list/function-comma-space-after",
    },
    "function-comma-space-before": Object {
      "url": "https://stylelint.io/user-guide/rules/list/function-comma-space-before",
    },
    "function-linear-gradient-no-nonstandard-direction": Object {
      "url": "https://stylelint.io/user-guide/rules/list/function-linear-gradient-no-nonstandard-direction",
    },
    "function-max-empty-lines": Object {
      "url": "https://stylelint.io/user-guide/rules/list/function-max-empty-lines",
    },
    "function-name-case": Object {
      "url": "https://stylelint.io/user-guide/rules/list/function-name-case",
    },
    "function-parentheses-newline-inside": Object {
      "url": "https://stylelint.io/user-guide/rules/list/function-parentheses-newline-inside",
    },
    "function-parentheses-space-inside": Object {
      "url": "https://stylelint.io/user-guide/rules/list/function-parentheses-space-inside",
    },
    "function-whitespace-after": Object {
      "url": "https://stylelint.io/user-guide/rules/list/function-whitespace-after",
    },
    "indentation": Object {
      "url": "https://stylelint.io/user-guide/rules/list/indentation",
    },
    "keyframe-declaration-no-important": Object {
      "url": "https://stylelint.io/user-guide/rules/list/keyframe-declaration-no-important",
    },
    "length-zero-no-unit": Object {
      "url": "https://stylelint.io/user-guide/rules/list/length-zero-no-unit",
    },
    "max-empty-lines": Object {
      "url": "https://stylelint.io/user-guide/rules/list/max-empty-lines",
    },
    "media-feature-colon-space-after": Object {
      "url": "https://stylelint.io/user-guide/rules/list/media-feature-colon-space-after",
    },
    "media-feature-colon-space-before": Object {
      "url": "https://stylelint.io/user-guide/rules/list/media-feature-colon-space-before",
    },
    "media-feature-name-case": Object {
      "url": "https://stylelint.io/user-guide/rules/list/media-feature-name-case",
    },
    "media-feature-name-no-unknown": Object {
      "url": "https://stylelint.io/user-guide/rules/list/media-feature-name-no-unknown",
    },
    "media-feature-parentheses-space-inside": Object {
      "url": "https://stylelint.io/user-guide/rules/list/media-feature-parentheses-space-inside",
    },
    "media-feature-range-operator-space-after": Object {
      "url": "https://stylelint.io/user-guide/rules/list/media-feature-range-operator-space-after",
    },
    "media-feature-range-operator-space-before": Object {
      "url": "https://stylelint.io/user-guide/rules/list/media-feature-range-operator-space-before",
    },
    "media-query-list-comma-newline-after": Object {
      "url": "https://stylelint.io/user-guide/rules/list/media-query-list-comma-newline-after",
    },
    "media-query-list-comma-space-after": Object {
      "url": "https://stylelint.io/user-guide/rules/list/media-query-list-comma-space-after",
    },
    "media-query-list-comma-space-before": Object {
      "url": "https://stylelint.io/user-guide/rules/list/media-query-list-comma-space-before",
    },
    "no-descending-specificity": Object {
      "url": "https://stylelint.io/user-guide/rules/list/no-descending-specificity",
    },
    "no-duplicate-at-import-rules": Object {
      "url": "https://stylelint.io/user-guide/rules/list/no-duplicate-at-import-rules",
    },
    "no-duplicate-selectors": Object {
      "url": "https://stylelint.io/user-guide/rules/list/no-duplicate-selectors",
    },
    "no-empty-source": Object {
      "url": "https://stylelint.io/user-guide/rules/list/no-empty-source",
    },
    "no-eol-whitespace": Object {
      "url": "https://stylelint.io/user-guide/rules/list/no-eol-whitespace",
    },
    "no-extra-semicolons": Object {
      "url": "https://stylelint.io/user-guide/rules/list/no-extra-semicolons",
    },
    "no-invalid-double-slash-comments": Object {
      "url": "https://stylelint.io/user-guide/rules/list/no-invalid-double-slash-comments",
    },
    "no-missing-end-of-source-newline": Object {
      "url": "https://stylelint.io/user-guide/rules/list/no-missing-end-of-source-newline",
    },
    "number-leading-zero": Object {
      "url": "https://stylelint.io/user-guide/rules/list/number-leading-zero",
    },
    "number-no-trailing-zeros": Object {
      "url": "https://stylelint.io/user-guide/rules/list/number-no-trailing-zeros",
    },
    "property-case": Object {
      "url": "https://stylelint.io/user-guide/rules/list/property-case",
    },
    "property-no-unknown": Object {
      "url": "https://stylelint.io/user-guide/rules/list/property-no-unknown",
    },
    "rule-empty-line-before": Object {
      "url": "https://stylelint.io/user-guide/rules/list/rule-empty-line-before",
    },
    "selector-attribute-brackets-space-inside": Object {
      "url": "https://stylelint.io/user-guide/rules/list/selector-attribute-brackets-space-inside",
    },
    "selector-attribute-operator-space-after": Object {
      "url": "https://stylelint.io/user-guide/rules/list/selector-attribute-operator-space-after",
    },
    "selector-attribute-operator-space-before": Object {
      "url": "https://stylelint.io/user-guide/rules/list/selector-attribute-operator-space-before",
    },
    "selector-combinator-space-after": Object {
      "url": "https://stylelint.io/user-guide/rules/list/selector-combinator-space-after",
    },
    "selector-combinator-space-before": Object {
      "url": "https://stylelint.io/user-guide/rules/list/selector-combinator-space-before",
    },
    "selector-descendant-combinator-no-non-space": Object {
      "url": "https://stylelint.io/user-guide/rules/list/selector-descendant-combinator-no-non-space",
    },
    "selector-list-comma-newline-after": Object {
      "url": "https://stylelint.io/user-guide/rules/list/selector-list-comma-newline-after",
    },
    "selector-list-comma-space-before": Object {
      "url": "https://stylelint.io/user-guide/rules/list/selector-list-comma-space-before",
    },
    "selector-max-empty-lines": Object {
      "url": "https://stylelint.io/user-guide/rules/list/selector-max-empty-lines",
    },
    "selector-pseudo-class-case": Object {
      "url": "https://stylelint.io/user-guide/rules/list/selector-pseudo-class-case",
    },
    "selector-pseudo-class-no-unknown": Object {
      "url": "https://stylelint.io/user-guide/rules/list/selector-pseudo-class-no-unknown",
    },
    "selector-pseudo-class-parentheses-space-inside": Object {
      "url": "https://stylelint.io/user-guide/rules/list/selector-pseudo-class-parentheses-space-inside",
    },
    "selector-pseudo-element-case": Object {
      "url": "https://stylelint.io/user-guide/rules/list/selector-pseudo-element-case",
    },
    "selector-pseudo-element-colon-notation": Object {
      "url": "https://stylelint.io/user-guide/rules/list/selector-pseudo-element-colon-notation",
    },
    "selector-pseudo-element-no-unknown": Object {
      "url": "https://stylelint.io/user-guide/rules/list/selector-pseudo-element-no-unknown",
    },
    "selector-type-case": Object {
      "url": "https://stylelint.io/user-guide/rules/list/selector-type-case",
    },
    "selector-type-no-unknown": Object {
      "url": "https://stylelint.io/user-guide/rules/list/selector-type-no-unknown",
    },
    "string-no-newline": Object {
      "url": "https://stylelint.io/user-guide/rules/list/string-no-newline",
    },
    "unit-case": Object {
      "url": "https://stylelint.io/user-guide/rules/list/unit-case",
    },
    "unit-no-unknown": Object {
      "url": "https://stylelint.io/user-guide/rules/list/unit-no-unknown",
    },
    "value-keyword-case": Object {
      "url": "https://stylelint.io/user-guide/rules/list/value-keyword-case",
    },
    "value-list-comma-newline-after": Object {
      "url": "https://stylelint.io/user-guide/rules/list/value-list-comma-newline-after",
    },
    "value-list-comma-space-after": Object {
      "url": "https://stylelint.io/user-guide/rules/list/value-list-comma-space-after",
    },
    "value-list-comma-space-before": Object {
      "url": "https://stylelint.io/user-guide/rules/list/value-list-comma-space-before",
    },
    "value-list-max-empty-lines": Object {
      "url": "https://stylelint.io/user-guide/rules/list/value-list-max-empty-lines",
    },
  },
}
`;
